<article><front><article-meta><article-categories /></article-meta></front></article>