<?xml version="1.0" ?><root xmlns:ali="http://www.niso.org/schemas/ali/1.0/" xmlns:jats="http://www.ncbi.nlm.nih.gov/JATS1" xmlns:mml="http://www.w3.org/1998/Math/MathML" xmlns:xlink="http://www.w3.org/1999/xlink">Test &amp; <i class="a">a</i> <mml:math><mml:mi>K</mml:mi></mml:math>.</root>