<article><front><article-meta><article-categories><subj-group subj-group-type="display-channel"><subject>Research Article</subject></subj-group><subj-group subj-group-type="heading"><subject>Cell Biology</subject></subj-group><subj-group subj-group-type="heading"><subject>Plant Biology</subject></subj-group><subj-group subj-group-type="heading"><subject>New Heading</subject></subj-group></article-categories></article-meta></front></article>