<article><front><article-meta><article-categories><subj-group subj-group-type="display-channel"><subject>New Heading</subject></subj-group></article-categories></article-meta></front></article>